Build target 'Target 1'
linking...
Program Size: Code=10096 RO-data=48 RW-data=24 ZI-data=1288  
FromELF: creating hex file...
"majorproject12.axf" - 0 Error(s), 0 Warning(s).
Build target 'Target 1'
assembling Startup.s...
compiling bluetooth.c...
compiling buzzer.c...
compiling delay.c...
compiling eeprom.c...
compiling keypad.c...
compiling lcd.c...
compiling menu.c...
compiling motor.c...
compiling projectmain.c...
compiling rtc.c...
compiling security.c...
compiling uart.c...
linking...
Program Size: Code=10116 RO-data=48 RW-data=24 ZI-data=1288  
FromELF: creating hex file...
"majorproject12.axf" - 0 Error(s), 0 Warning(s).
Build target 'Target 1'
assembling Startup.s...
compiling bluetooth.c...
compiling buzzer.c...
compiling delay.c...
compiling eeprom.c...
compiling keypad.c...
compiling lcd.c...
compiling menu.c...
compiling motor.c...
compiling projectmain.c...
compiling rtc.c...
compiling security.c...
compiling uart.c...
linking...
Program Size: Code=10112 RO-data=48 RW-data=24 ZI-data=1288  
FromELF: creating hex file...
"majorproject_.axf" - 0 Error(s), 0 Warning(s).
